// Jest Snapshot v1, https://goo.gl/fbAQLP

exports[`<Modal /> should render without throwing an error and match snapshot 1`] = `null`;
