// Jest Snapshot v1, https://goo.gl/fbAQLP

exports[`<CreateUser /> should render without throwing an error and match snapshot 1`] = `
<form
  action="#"
  onReset={[Function]}
  onSubmit={[Function]}
>
  <div
    className="makeStyles-form-1"
  >
    <div
      className="MuiFormControl-root MuiTextField-root MuiFormControl-fullWidth"
    >
      <label
        className="MuiFormLabel-root MuiInputLabel-root MuiInputLabel-formControl MuiInputLabel-animated"
        data-shrink={false}
      >
        Name
      </label>
      <div
        className="MuiInputBase-root MuiInput-root MuiInput-underline MuiInputBase-fullWidth MuiInput-fullWidth MuiInputBase-formControl MuiInput-formControl"
        onClick={[Function]}
      >
        <input
          aria-invalid={false}
          autoFocus={false}
          className="MuiInputBase-input MuiInput-input"
          disabled={false}
          name="name"
          onAnimationStart={[Function]}
          onBlur={[Function]}
          onChange={[Function]}
          onFocus={[Function]}
          required={false}
          type="text"
          value=""
        />
      </div>
      
    </div>
    <div
      className="MuiFormControl-root MuiTextField-root MuiFormControl-fullWidth"
    >
      <label
        className="MuiFormLabel-root MuiInputLabel-root MuiInputLabel-formControl MuiInputLabel-animated"
        data-shrink={false}
      >
        Username
      </label>
      <div
        className="MuiInputBase-root MuiInput-root MuiInput-underline MuiInputBase-fullWidth MuiInput-fullWidth MuiInputBase-formControl MuiInput-formControl"
        onClick={[Function]}
      >
        <input
          aria-invalid={false}
          autoFocus={false}
          className="MuiInputBase-input MuiInput-input"
          disabled={false}
          name="username"
          onAnimationStart={[Function]}
          onBlur={[Function]}
          onChange={[Function]}
          onFocus={[Function]}
          required={false}
          type="text"
          value=""
        />
      </div>
      
    </div>
    <div
      className="MuiFormControl-root MuiTextField-root MuiFormControl-fullWidth"
    >
      <label
        className="MuiFormLabel-root MuiInputLabel-root MuiInputLabel-formControl MuiInputLabel-animated"
        data-shrink={false}
      >
        Password
      </label>
      <div
        className="MuiInputBase-root MuiInput-root MuiInput-underline MuiInputBase-fullWidth MuiInput-fullWidth MuiInputBase-formControl MuiInput-formControl"
        onClick={[Function]}
      >
        <input
          aria-invalid={false}
          autoFocus={false}
          className="MuiInputBase-input MuiInput-input"
          disabled={false}
          name="password"
          onAnimationStart={[Function]}
          onBlur={[Function]}
          onChange={[Function]}
          onFocus={[Function]}
          required={false}
          type="text"
          value=""
        />
      </div>
      
    </div>
    <button
      className="MuiButtonBase-root MuiButton-root MuiButton-contained makeStyles-button-2 MuiButton-containedPrimary"
      disabled={false}
      onBlur={[Function]}
      onDragLeave={[Function]}
      onFocus={[Function]}
      onKeyDown={[Function]}
      onKeyUp={[Function]}
      onMouseDown={[Function]}
      onMouseLeave={[Function]}
      onMouseUp={[Function]}
      onTouchEnd={[Function]}
      onTouchMove={[Function]}
      onTouchStart={[Function]}
      tabIndex={0}
      type="submit"
    >
      <span
        className="MuiButton-label"
      >
        Create New User
      </span>
    </button>
  </div>
</form>
`;
