// Jest Snapshot v1, https://goo.gl/fbAQLP

exports[`<Staff /> should render without throwing an error and match snapshot 1`] = `
<div>
  <div
    className="makeStyles-header-3"
  >
    <h4
      className="MuiTypography-root makeStyles-title-4 MuiTypography-h4"
    >
      List of users
    </h4>
    <button
      className="MuiButtonBase-root MuiButton-root MuiButton-contained MuiButton-containedPrimary"
      disabled={false}
      onBlur={[Function]}
      onClick={[Function]}
      onDragLeave={[Function]}
      onFocus={[Function]}
      onKeyDown={[Function]}
      onKeyUp={[Function]}
      onMouseDown={[Function]}
      onMouseLeave={[Function]}
      onMouseUp={[Function]}
      onTouchEnd={[Function]}
      onTouchMove={[Function]}
      onTouchStart={[Function]}
      tabIndex={0}
      type="button"
    >
      <span
        className="MuiButton-label"
      >
        Create User
      </span>
      <span
        className="MuiTouchRipple-root"
      />
    </button>
  </div>
  <hr
    className="MuiDivider-root makeStyles-divider-2"
  />
  <div
    className="MuiPaper-root MuiPaper-elevation1 MuiPaper-rounded"
    style={
      Object {
        "height": 432,
        "maxWidth": 1000,
      }
    }
  >
    <div
      style={
        Object {
          "height": 0,
          "overflow": "visible",
          "width": 0,
        }
      }
    >
      <div
        aria-colcount={5}
        aria-rowcount={0}
        className="ReactVirtualized__Table MuiVirtualizedTable-table-6"
        role="grid"
        style={Object {}}
      >
        <div
          className="ReactVirtualized__Table__headerRow MuiVirtualizedTable-tableRow-7 MuiVirtualizedTable-flexContainer-5"
          role="row"
          style={
            Object {
              "height": 48,
              "overflow": "hidden",
              "paddingRight": 0,
              "width": 0,
            }
          }
        >
          <div
            className="ReactVirtualized__Table__headerColumn"
            role="columnheader"
            style={
              Object {
                "WebkitFlex": "0 1 200px",
                "flex": "0 1 200px",
                "msFlex": "0 1 200px",
              }
            }
          >
            <div
              aria-sort={null}
              className="MuiTableCell-root MuiTableCell-head MuiVirtualizedTable-tableCell-9 MuiVirtualizedTable-flexContainer-5 MuiVirtualizedTable-noClick-10 MuiTableCell-alignLeft"
              role="cell"
              style={
                Object {
                  "height": 48,
                }
              }
            >
              <span>
                Name
              </span>
            </div>
          </div>
          <div
            className="ReactVirtualized__Table__headerColumn"
            role="columnheader"
            style={
              Object {
                "WebkitFlex": "0 1 200px",
                "flex": "0 1 200px",
                "msFlex": "0 1 200px",
              }
            }
          >
            <div
              aria-sort={null}
              className="MuiTableCell-root MuiTableCell-head MuiVirtualizedTable-tableCell-9 MuiVirtualizedTable-flexContainer-5 MuiVirtualizedTable-noClick-10 MuiTableCell-alignLeft"
              role="cell"
              style={
                Object {
                  "height": 48,
                }
              }
            >
              <span>
                Username
              </span>
            </div>
          </div>
          <div
            className="ReactVirtualized__Table__headerColumn"
            role="columnheader"
            style={
              Object {
                "WebkitFlex": "0 1 200px",
                "flex": "0 1 200px",
                "msFlex": "0 1 200px",
              }
            }
          >
            <div
              aria-sort={null}
              className="MuiTableCell-root MuiTableCell-head MuiVirtualizedTable-tableCell-9 MuiVirtualizedTable-flexContainer-5 MuiVirtualizedTable-noClick-10 MuiTableCell-alignLeft"
              role="cell"
              style={
                Object {
                  "height": 48,
                }
              }
            >
              <span>
                Role
              </span>
            </div>
          </div>
          <div
            className="ReactVirtualized__Table__headerColumn"
            role="columnheader"
            style={
              Object {
                "WebkitFlex": "0 1 200px",
                "flex": "0 1 200px",
                "msFlex": "0 1 200px",
              }
            }
          >
            <div
              aria-sort={null}
              className="MuiTableCell-root MuiTableCell-head MuiVirtualizedTable-tableCell-9 MuiVirtualizedTable-flexContainer-5 MuiVirtualizedTable-noClick-10 MuiTableCell-alignLeft"
              role="cell"
              style={
                Object {
                  "height": 48,
                }
              }
            >
              <span>
                Rate
              </span>
            </div>
          </div>
          <div
            className="ReactVirtualized__Table__headerColumn"
            role="columnheader"
            style={
              Object {
                "WebkitFlex": "0 1 200px",
                "flex": "0 1 200px",
                "msFlex": "0 1 200px",
              }
            }
          >
            <div
              aria-sort={null}
              className="MuiTableCell-root MuiTableCell-head MuiVirtualizedTable-tableCell-9 MuiVirtualizedTable-flexContainer-5 MuiVirtualizedTable-noClick-10 MuiTableCell-alignLeft"
              role="cell"
              style={
                Object {
                  "height": 48,
                }
              }
            >
              <span>
                Edit
              </span>
            </div>
          </div>
        </div>
        <div
          aria-label="grid"
          aria-readonly={null}
          className="ReactVirtualized__Grid ReactVirtualized__Table__Grid"
          onScroll={[Function]}
          role="rowgroup"
          style={
            Object {
              "WebkitOverflowScrolling": "touch",
              "boxSizing": "border-box",
              "direction": "inherit",
              "height": -48,
              "overflowX": "hidden",
              "overflowY": "auto",
              "position": "relative",
              "width": 0,
              "willChange": "transform",
            }
          }
          tabIndex={0}
        />
      </div>
    </div>
  </div>
</div>
`;
